---
source: crates/tuxedo/tests/snapshots.rs
expression: buffer_to_text(&buf)
---
 FILTERS                   ▶▮◀ /tmp/tuxedo-snapshot.txt  •  18 tas DETAIL                           
     ┌ tuxedo · help ─────────────────────────────────────────────────────────────────────────┐     
 PROJ│  NAVIGATION                                  VIEW                                      │     
   +w│    j / ↓             next task                 /                 fuzzy search          │     
   +h│    k / ↑             previous task             fp / fc           filter project/context│     
   +f│    gg                first task                ff / fs           saved filter pick/save│     
   +h│    G                 last task                 S                 cycle sort            │     
   +l│    Ctrl-d / Ctrl-u   page down / up            v                 visual / multi-select │     
   +p│                                                l                 list view             │     
   +t│  EDITING                                       a                 archive view (dd resto│     
     │    n                 new task                  F                 show future in list   │rd   
 CONT│    e                 edit line (normal)        [ / ]             toggle filter / detail│     
   @e│    i                 edit line (insert)        T                 cycle theme           │     
   @h│    r                 reschedule task           D                 cycle density         │     
   @l│    x                 toggle complete           L                 toggle line numbers   │     
   @p│    dd                archive task (list); restore (archive)                            │     
     │    p                 cycle priority A→B→C→·  SYSTEM                                    │     
     │    c                 add/remove context        : / Ctrl-P        command palette       │     
     │    +                 add project               s                 share capture QR      │     
     │    yy                copy line to clipboard    ? / ,             help / settings       │     
     │    yb                copy body only            q                 quit                  │     
     │    u                 undo                                                              │     
     │────────────────────────────────────────────────────────────────────────────────────────│     
     │  FORMAT                                                                                │     
     │    (A)               priority A-Z              due:YYYY-MM-DD    due date              │     
     │    YYYY-MM-DD        creation / done date      rec:Nu            recur (u in d/w/m/y/b)│     
     │    +project          project tag(s)            rec:+Nu           strict: anchor on due:│     
     │    @context          context tag(s)            x DATE BODY       completed task prefix │     
     │                                                                                        │     
     └────────────────────────────────────────────────────────────────────────────────────────┘     
                                                                                                    
 HELP   ? close help                                         18 open · 2026-05-06 · tuxedo 2026.7.1
